Archive member included because of file (symbol)

c:/freescale/kds_3.0.0/toolchain/bin/../lib/gcc/arm-none-eabi/4.8.4/../../../../arm-none-eabi/lib/armv6-m\libg_s.a(lib_a-exit.o)
                              c:/freescale/kds_3.0.0/toolchain/bin/../lib/gcc/arm-none-eabi/4.8.4/../../../../arm-none-eabi/lib/armv6-m/crt0.o (exit)
c:/freescale/kds_3.0.0/toolchain/bin/../lib/gcc/arm-none-eabi/4.8.4/../../../../arm-none-eabi/lib/armv6-m\libg_s.a(lib_a-impure.o)
                              c:/freescale/kds_3.0.0/toolchain/bin/../lib/gcc/arm-none-eabi/4.8.4/../../../../arm-none-eabi/lib/armv6-m\libg_s.a(lib_a-exit.o) (_global_impure_ptr)
c:/freescale/kds_3.0.0/toolchain/bin/../lib/gcc/arm-none-eabi/4.8.4/../../../../arm-none-eabi/lib/armv6-m\libg_s.a(lib_a-init.o)
                              c:/freescale/kds_3.0.0/toolchain/bin/../lib/gcc/arm-none-eabi/4.8.4/../../../../arm-none-eabi/lib/armv6-m/crt0.o (__libc_init_array)
c:/freescale/kds_3.0.0/toolchain/bin/../lib/gcc/arm-none-eabi/4.8.4/../../../../arm-none-eabi/lib/armv6-m\libg_s.a(lib_a-memset.o)
                              c:/freescale/kds_3.0.0/toolchain/bin/../lib/gcc/arm-none-eabi/4.8.4/../../../../arm-none-eabi/lib/armv6-m/crt0.o (memset)
c:/freescale/kds_3.0.0/toolchain/bin/../lib/gcc/arm-none-eabi/4.8.4/../../../../arm-none-eabi/lib/armv6-m\libnosys.a(_exit.o)
                              c:/freescale/kds_3.0.0/toolchain/bin/../lib/gcc/arm-none-eabi/4.8.4/../../../../arm-none-eabi/lib/armv6-m\libg_s.a(lib_a-exit.o) (_exit)

Allocating common symbols
Common symbol       size              file

ASerialLdd1_DeviceDataPtr
                    0x4               ./Generated_Code/UART.o
spiData             0x5               ./Sources/serialCommunication.o
I2C_SndRcvTemp      0x2               ./Generated_Code/I2C.o
i2cData             0x5               ./Sources/serialCommunication.o
IntI2cLdd1_DeviceDataPtr
                    0x4               ./Generated_Code/I2C.o
SR_reg              0x1               ./Generated_Code/Cpu.o
SMasterLdd1_DeviceDataPtr
                    0x4               ./Generated_Code/SPI.o

Discarded input sections

 .text          0x00000000        0x0 c:/freescale/kds_3.0.0/toolchain/bin/../lib/gcc/arm-none-eabi/4.8.4/armv6-m/crti.o
 .data          0x00000000        0x0 c:/freescale/kds_3.0.0/toolchain/bin/../lib/gcc/arm-none-eabi/4.8.4/armv6-m/crti.o
 .bss           0x00000000        0x0 c:/freescale/kds_3.0.0/toolchain/bin/../lib/gcc/arm-none-eabi/4.8.4/armv6-m/crti.o
 .data          0x00000000        0x4 c:/freescale/kds_3.0.0/toolchain/bin/../lib/gcc/arm-none-eabi/4.8.4/armv6-m/crtbegin.o
 .data          0x00000000        0x0 c:/freescale/kds_3.0.0/toolchain/bin/../lib/gcc/arm-none-eabi/4.8.4/../../../../arm-none-eabi/lib/armv6-m/crt0.o
 .bss           0x00000000        0x0 c:/freescale/kds_3.0.0/toolchain/bin/../lib/gcc/arm-none-eabi/4.8.4/../../../../arm-none-eabi/lib/armv6-m/crt0.o
 .ARM.extab     0x00000000        0x0 c:/freescale/kds_3.0.0/toolchain/bin/../lib/gcc/arm-none-eabi/4.8.4/../../../../arm-none-eabi/lib/armv6-m/crt0.o
 .group         0x00000000        0x8 ./Sources/Events.o
 .group         0x00000000        0x8 ./Sources/Events.o
 .group         0x00000000        0x8 ./Sources/Events.o
 .group         0x00000000        0x8 ./Sources/Events.o
 .group         0x00000000        0x8 ./Sources/Events.o
 .group         0x00000000        0x8 ./Sources/Events.o
 .group         0x00000000        0x8 ./Sources/Events.o
 .group         0x00000000        0x8 ./Sources/Events.o
 .group         0x00000000        0x8 ./Sources/Events.o
 .group         0x00000000        0x8 ./Sources/Events.o
 .group         0x00000000        0x8 ./Sources/Events.o
 .group         0x00000000        0x8 ./Sources/Events.o
 .group         0x00000000        0x8 ./Sources/Events.o
 .group         0x00000000        0x8 ./Sources/Events.o
 .group         0x00000000        0x8 ./Sources/Events.o
 .group         0x00000000        0x8 ./Sources/Events.o
 .group         0x00000000        0x8 ./Sources/Events.o
 .group         0x00000000        0x8 ./Sources/Events.o
 .group         0x00000000        0x8 ./Sources/Events.o
 .group         0x00000000        0x8 ./Sources/Events.o
 .group         0x00000000        0x8 ./Sources/Events.o
 .group         0x00000000        0x8 ./Sources/Events.o
 .group         0x00000000        0x8 ./Sources/Events.o
 .group         0x00000000        0x8 ./Sources/Events.o
 .group         0x00000000        0x8 ./Sources/Events.o
 .group         0x00000000        0x8 ./Sources/Events.o
 .group         0x00000000        0x8 ./Sources/Events.o
 .group         0x00000000        0x8 ./Sources/Events.o
 .group         0x00000000        0x8 ./Sources/Events.o
 .group         0x00000000        0x8 ./Sources/Events.o
 .group         0x00000000        0x8 ./Sources/Events.o
 .text          0x00000000        0x0 ./Sources/Events.o
 .data          0x00000000        0x0 ./Sources/Events.o
[...]
Memory Configuration

Name             Origin             Length             Attributes
m_interrupts     0x00000000         0x000000c0         xr
m_text           0x00000410         0x0001fbf0         xr
m_data           0x1ffff000         0x00004000         rw
m_cfmprotrom     0x00000400         0x00000010         xr
*default*        0x00000000         0xffffffff

Linker script and memory map

LOAD c:/freescale/kds_3.0.0/toolchain/bin/../lib/gcc/arm-none-eabi/4.8.4/armv6-m/crti.o
LOAD c:/freescale/kds_3.0.0/toolchain/bin/../lib/gcc/arm-none-eabi/4.8.4/armv6-m/crtbegin.o
LOAD c:/freescale/kds_3.0.0/toolchain/bin/../lib/gcc/arm-none-eabi/4.8.4/../../../../arm-none-eabi/lib/armv6-m/crt0.o
LOAD ./Sources/Events.o
LOAD ./Sources/main.o
LOAD ./Sources/serialCommunication.o
LOAD ./Project_Settings/Startup_Code/startup.o
LOAD ./Generated_Code/ASerialLdd1.o
LOAD ./Generated_Code/BitIoLdd1.o
LOAD ./Generated_Code/BitIoLdd2.o
LOAD ./Generated_Code/BitIoLdd3.o
LOAD ./Generated_Code/Cpu.o
LOAD ./Generated_Code/I2C.o
LOAD ./Generated_Code/IntI2cLdd1.o
LOAD ./Generated_Code/LEDpin1.o
LOAD ./Generated_Code/LEDpin2.o
LOAD ./Generated_Code/LEDpin3.o
LOAD ./Generated_Code/LedBlue.o
LOAD ./Generated_Code/LedGreen.o
LOAD ./Generated_Code/LedRed.o
LOAD ./Generated_Code/PE_LDD.o
LOAD ./Generated_Code/SMasterLdd1.o
LOAD ./Generated_Code/SPI.o
LOAD ./Generated_Code/TI1.o
LOAD ./Generated_Code/TU1.o
LOAD ./Generated_Code/TimerIntLdd1.o
LOAD ./Generated_Code/UART.o
LOAD ./Generated_Code/Vectors.o
LOAD ./Generated_Code/WAIT1.o
LOAD c:/freescale/kds_3.0.0/toolchain/bin/../lib/gcc/arm-none-eabi/4.8.4/../../../../arm-none-eabi/lib/armv6-m\libstdc++_s.a
LOAD c:/freescale/kds_3.0.0/toolchain/bin/../lib/gcc/arm-none-eabi/4.8.4/../../../../arm-none-eabi/lib/armv6-m\libm.a
START GROUP
LOAD c:/freescale/kds_3.0.0/toolchain/bin/../lib/gcc/arm-none-eabi/4.8.4/armv6-m\libgcc.a
LOAD c:/freescale/kds_3.0.0/toolchain/bin/../lib/gcc/arm-none-eabi/4.8.4/../../../../arm-none-eabi/lib/armv6-m\libg_s.a
LOAD c:/freescale/kds_3.0.0/toolchain/bin/../lib/gcc/arm-none-eabi/4.8.4/../../../../arm-none-eabi/lib/armv6-m\libc_s.a
END GROUP
START GROUP
LOAD c:/freescale/kds_3.0.0/toolchain/bin/../lib/gcc/arm-none-eabi/4.8.4/armv6-m\libgcc.a
LOAD c:/freescale/kds_3.0.0/toolchain/bin/../lib/gcc/arm-none-eabi/4.8.4/../../../../arm-none-eabi/lib/armv6-m\libc_s.a
LOAD c:/freescale/kds_3.0.0/toolchain/bin/../lib/gcc/arm-none-eabi/4.8.4/../../../../arm-none-eabi/lib/armv6-m\libnosys.a
END GROUP
START GROUP
LOAD c:/freescale/kds_3.0.0/toolchain/bin/../lib/gcc/arm-none-eabi/4.8.4/armv6-m\libgcc.a
LOAD c:/freescale/kds_3.0.0/toolchain/bin/../lib/gcc/arm-none-eabi/4.8.4/../../../../arm-none-eabi/lib/armv6-m\libc_s.a
LOAD c:/freescale/kds_3.0.0/toolchain/bin/../lib/gcc/arm-none-eabi/4.8.4/../../../../arm-none-eabi/lib/armv6-m\libnosys.a
END GROUP
LOAD c:/freescale/kds_3.0.0/toolchain/bin/../lib/gcc/arm-none-eabi/4.8.4/armv6-m/crtend.o
LOAD c:/freescale/kds_3.0.0/toolchain/bin/../lib/gcc/arm-none-eabi/4.8.4/armv6-m/crtn.o
                0x20003000                _estack = 0x20003000
                0x20003000                __SP_INIT = _estack
                0x20003000                __stack = _estack
                0x00000000                __heap_size = 0x0
                0x00000400                __stack_size = 0x400

.interrupts     0x00000000       0xc0
                0x00000000                __vector_table = .
                0x00000000                . = ALIGN (0x4)
 *(.vectortable)
 .vectortable   0x00000000       0xc0 ./Generated_Code/Vectors.o
                0x00000000                __vect_table
                0x000000c0                . = ALIGN (0x4)

.cfmprotect     0x00000400       0x10
                0x00000400                . = ALIGN (0x4)
 *(.cfmconfig)
 .cfmconfig     0x00000400       0x10 ./Generated_Code/Cpu.o
                0x00000400                _cfm
                0x00000410                . = ALIGN (0x4)

.text           0x00000410     0x1c9c
                0x00000410                . = ALIGN (0x4)
 *(.text)
 .text          0x00000410       0x60 c:/freescale/kds_3.0.0/toolchain/bin/../lib/gcc/arm-none-eabi/4.8.4/armv6-m/crtbegin.o
 .text          0x00000470       0x78 c:/freescale/kds_3.0.0/toolchain/bin/../lib/gcc/arm-none-eabi/4.8.4/../../../../arm-none-eabi/lib/armv6-m/crt0.o
                0x00000470                _start
                0x00000470                _mainCRTStartup
 *(.text*)
 .text.Cpu_OnNMIINT
                0x000004e8        0x8 ./Sources/Events.o
                0x000004e8                Cpu_OnNMIINT
 .text.TI1_OnInterrupt
                0x000004f0        0x8 ./Sources/Events.o
                0x000004f0                TI1_OnInterrupt
 .text.I2C_OnReceiveData
                0x000004f8        0x8 ./Sources/Events.o
                0x000004f8                I2C_OnReceiveData
 .text.I2C_OnTransmitData
                0x00000500        0x8 ./Sources/Events.o
                0x00000500                I2C_OnTransmitData
 .text.SPI_OnRxChar
                0x00000508        0x8 ./Sources/Events.o
                0x00000508                SPI_OnRxChar
 .text.SPI_OnTxChar
                0x00000510        0x8 ./Sources/Events.o
                0x00000510                SPI_OnTxChar
 .text.SPI_OnError
                0x00000518        0x8 ./Sources/Events.o
                0x00000518                SPI_OnError
 .text.UART_OnError
                0x00000520        0x8 ./Sources/Events.o
                0x00000520                UART_OnError
 .text.UART_OnRxChar
                0x00000528        0x8 ./Sources/Events.o
                0x00000528                UART_OnRxChar
 .text.UART_OnTxChar
                0x00000530        0x8 ./Sources/Events.o
                0x00000530                UART_OnTxChar
 .text.main     0x00000538       0x38 ./Sources/main.o
                0x00000538                main
 .text.__copy_rom_section
                0x00000570       0xd8 ./Project_Settings/Startup_Code/startup.o
                0x00000570                __copy_rom_section
 .text.__copy_rom_sections_to_ram
                0x00000648       0x98 ./Project_Settings/Startup_Code/startup.o
                0x00000648                __copy_rom_sections_to_ram
 .text.__init_registers
                0x000006e0        0x8 ./Project_Settings/Startup_Code/startup.o
                0x000006e0                __init_registers
 .text.__init_user
                0x000006e8        0x8 ./Project_Settings/Startup_Code/startup.o
                0x000006e8                __init_user
 .text.__thumb_startup
                0x000006f0       0x30 ./Project_Settings/Startup_Code/startup.o
                0x000006f0                __thumb_startup
 .text.ASerialLdd1_Init
                0x00000720      0x1c0 ./Generated_Code/ASerialLdd1.o
                0x00000720                ASerialLdd1_Init
 .text.ASerialLdd1_Enable
                0x000008e0       0x70 ./Generated_Code/ASerialLdd1.o
                0x000008e0                ASerialLdd1_Enable
 .text.ASerialLdd1_Disable
                0x00000950       0x68 ./Generated_Code/ASerialLdd1.o
                0x00000950                ASerialLdd1_Disable
 .text.ASerialLdd1_ReceiveBlock
                0x000009b8       0xa4 ./Generated_Code/ASerialLdd1.o
                0x000009b8                ASerialLdd1_ReceiveBlock
 .text.ASerialLdd1_SendBlock
                0x00000a5c       0xd0 ./Generated_Code/ASerialLdd1.o
                0x00000a5c                ASerialLdd1_SendBlock
 .text.InterruptRx
                0x00000b2c       0x58 ./Generated_Code/ASerialLdd1.o
 .text.InterruptTx
                0x00000b84       0x80 ./Generated_Code/ASerialLdd1.o
 .text.ASerialLdd1_Interrupt
                0x00000c04       0xec ./Generated_Code/ASerialLdd1.o
                0x00000c04                ASerialLdd1_Interrupt
 .text.ASerialLdd1_GetError
                0x00000cf0       0x80 ./Generated_Code/ASerialLdd1.o
                0x00000cf0                ASerialLdd1_GetError
 .text.BitIoLdd1_Init
                0x00000d70       0x68 ./Generated_Code/BitIoLdd1.o
                0x00000d70                BitIoLdd1_Init
 .text.BitIoLdd1_SetVal
                0x00000dd8       0x1c ./Generated_Code/BitIoLdd1.o
                0x00000dd8                BitIoLdd1_SetVal
 .text.BitIoLdd2_Init
                0x00000df4       0x68 ./Generated_Code/BitIoLdd2.o
                0x00000df4                BitIoLdd2_Init
 .text.BitIoLdd2_ClrVal
                0x00000e5c       0x1c ./Generated_Code/BitIoLdd2.o
                0x00000e5c                BitIoLdd2_ClrVal
 .text.BitIoLdd2_SetVal
                0x00000e78       0x1c ./Generated_Code/BitIoLdd2.o
                0x00000e78                BitIoLdd2_SetVal
 .text.BitIoLdd3_Init
                0x00000e94       0x60 ./Generated_Code/BitIoLdd3.o
                0x00000e94                BitIoLdd3_Init
 .text.BitIoLdd3_SetVal
                0x00000ef4       0x18 ./Generated_Code/BitIoLdd3.o
                0x00000ef4                BitIoLdd3_SetVal
 .text.Cpu_INT_NMIInterrupt
                0x00000f0c        0xc ./Generated_Code/Cpu.o
                0x00000f0c                Cpu_INT_NMIInterrupt
 .text.Cpu_Interrupt
                0x00000f18        0xc ./Generated_Code/Cpu.o
                0x00000f18                Cpu_Interrupt
 .text.__init_hardware
                0x00000f24      0x17c ./Generated_Code/Cpu.o
                0x00000f24                __init_hardware
 .text.PE_low_level_init
                0x000010a0       0xfc ./Generated_Code/Cpu.o
                0x000010a0                PE_low_level_init
 .text.I2C_Init
                0x0000119c       0x24 ./Generated_Code/I2C.o
                0x0000119c                I2C_Init
 .text.IntI2cLdd1_OnMasterBlockSent
                0x000011c0       0x14 ./Generated_Code/I2C.o
                0x000011c0                IntI2cLdd1_OnMasterBlockSent
 .text.IntI2cLdd1_OnMasterBlockReceived
                0x000011d4       0x14 ./Generated_Code/I2C.o
                0x000011d4                IntI2cLdd1_OnMasterBlockReceived
 .text.IntI2cLdd1_Interrupt
                0x000011e8      0x290 ./Generated_Code/IntI2cLdd1.o
                0x000011e8                IntI2cLdd1_Interrupt
 .text.IntI2cLdd1_Init
                0x00001478      0x120 ./Generated_Code/IntI2cLdd1.o
                0x00001478                IntI2cLdd1_Init
 .text.SMasterLdd1_Init
                0x00001598      0x118 ./Generated_Code/SMasterLdd1.o
                0x00001598                SMasterLdd1_Init
 .text.SMasterLdd1_ReceiveBlock
                0x000016b0       0xb0 ./Generated_Code/SMasterLdd1.o
                0x000016b0                SMasterLdd1_ReceiveBlock
 .text.SMasterLdd1_Interrupt
                0x00001760       0xe0 ./Generated_Code/SMasterLdd1.o
                0x00001760                SMasterLdd1_Interrupt
 .text.SPI_Init
                0x00001840       0x40 ./Generated_Code/SPI.o
                0x00001840                SPI_Init
 .text.SMasterLdd1_OnBlockReceived
                0x00001880       0x80 ./Generated_Code/SPI.o
                0x00001880                SMasterLdd1_OnBlockReceived
 .text.SMasterLdd1_OnBlockSent
                0x00001900       0x24 ./Generated_Code/SPI.o
                0x00001900                SMasterLdd1_OnBlockSent
 .text.TimerIntLdd1_OnInterrupt
                0x00001924       0x14 ./Generated_Code/TI1.o
                0x00001924                TimerIntLdd1_OnInterrupt
 .text.TU1_Init
                0x00001938       0xfc ./Generated_Code/TU1.o
                0x00001938                TU1_Init
 .text.TU1_SetEventMask
                0x00001a34       0xe8 ./Generated_Code/TU1.o
                0x00001a34                TU1_SetEventMask
 .text.TU1_GetEventMask
                0x00001b1c       0x18 ./Generated_Code/TU1.o
                0x00001b1c                TU1_GetEventMask
 .text.TU1_SetOffsetTicks
                0x00001b34       0x44 ./Generated_Code/TU1.o
                0x00001b34                TU1_SetOffsetTicks
 .text.TU1_GetOffsetTicks
                0x00001b78       0x4c ./Generated_Code/TU1.o
                0x00001b78                TU1_GetOffsetTicks
 .text.TU1_Interrupt
                0x00001bc4       0x74 ./Generated_Code/TU1.o
                0x00001bc4                TU1_Interrupt
 .text.TimerIntLdd1_Init
                0x00001c38       0x7c ./Generated_Code/TimerIntLdd1.o
                0x00001c38                TimerIntLdd1_Init
 .text.TU1_OnChannel0
                0x00001cb4       0x68 ./Generated_Code/TimerIntLdd1.o
                0x00001cb4                TU1_OnChannel0
 .text.HWEnDi   0x00001d1c       0x68 ./Generated_Code/UART.o
 .text.UART_Init
                0x00001d84       0x30 ./Generated_Code/UART.o
                0x00001d84                UART_Init
 .text.ASerialLdd1_OnBlockReceived
                0x00001db4       0x6c ./Generated_Code/UART.o
                0x00001db4                ASerialLdd1_OnBlockReceived
 .text.ASerialLdd1_OnBlockSent
                0x00001e20       0x54 ./Generated_Code/UART.o
                0x00001e20                ASerialLdd1_OnBlockSent
 .text.ASerialLdd1_OnError
                0x00001e74       0x94 ./Generated_Code/UART.o
                0x00001e74                ASerialLdd1_OnError
 .text.ASerialLdd1_OnBreak
                0x00001f08       0x20 ./Generated_Code/UART.o
                0x00001f08                ASerialLdd1_OnBreak
 .text.WAIT1_Wait10Cycles
                0x00001f28        0x8 ./Generated_Code/WAIT1.o
                0x00001f28                WAIT1_Wait10Cycles
 .text.WAIT1_Wait100Cycles
                0x00001f30       0x18 ./Generated_Code/WAIT1.o
                0x00001f30                WAIT1_Wait100Cycles
 .text.WAIT1_WaitCycles
                0x00001f48       0x44 ./Generated_Code/WAIT1.o
                0x00001f48                WAIT1_WaitCycles
 .text.WAIT1_WaitLongCycles
                0x00001f8c       0x3c ./Generated_Code/WAIT1.o
                0x00001f8c                WAIT1_WaitLongCycles
 .text.WAIT1_Waitms
                0x00001fc8       0x38 ./Generated_Code/WAIT1.o
                0x00001fc8                WAIT1_Waitms
 .text.exit     0x00002000       0x2c c:/freescale/kds_3.0.0/toolchain/bin/../lib/gcc/arm-none-eabi/4.8.4/../../../../arm-none-eabi/lib/armv6-m\libg_s.a(lib_a-exit.o)
                0x00002000                exit
 .text.__libc_init_array
                0x0000202c       0x4c c:/freescale/kds_3.0.0/toolchain/bin/../lib/gcc/arm-none-eabi/4.8.4/../../../../arm-none-eabi/lib/armv6-m\libg_s.a(lib_a-init.o)
                0x0000202c                __libc_init_array
 .text.memset   0x00002078       0x10 c:/freescale/kds_3.0.0/toolchain/bin/../lib/gcc/arm-none-eabi/4.8.4/../../../../arm-none-eabi/lib/armv6-m\libg_s.a(lib_a-memset.o)
                0x00002078                memset
 .text._exit    0x00002088        0x4 c:/freescale/kds_3.0.0/toolchain/bin/../lib/gcc/arm-none-eabi/4.8.4/../../../../arm-none-eabi/lib/armv6-m\libnosys.a(_exit.o)
                0x00002088                _exit
 *(.rodata)
 *(.rodata*)
 .rodata.str1.1
                0x0000208c        0x2 c:/freescale/kds_3.0.0/toolchain/bin/../lib/gcc/arm-none-eabi/4.8.4/../../../../arm-none-eabi/lib/armv6-m\libg_s.a(lib_a-impure.o)
 *fill*         0x0000208e        0x2 
 .rodata._global_impure_ptr
                0x00002090        0x4 c:/freescale/kds_3.0.0/toolchain/bin/../lib/gcc/arm-none-eabi/4.8.4/../../../../arm-none-eabi/lib/armv6-m\libg_s.a(lib_a-impure.o)
                0x00002090                _global_impure_ptr
 *(.glue_7)
 .glue_7        0x00000000        0x0 linker stubs
 *(.glue_7t)
 .glue_7t       0x00000000        0x0 linker stubs
 *(.eh_frame)
 .eh_frame      0x00002094        0x0 c:/freescale/kds_3.0.0/toolchain/bin/../lib/gcc/arm-none-eabi/4.8.4/armv6-m/crtbegin.o
 *(.init)
 .init          0x00002094        0x4 c:/freescale/kds_3.0.0/toolchain/bin/../lib/gcc/arm-none-eabi/4.8.4/armv6-m/crti.o
                0x00002094                _init
 .init          0x00002098        0x8 c:/freescale/kds_3.0.0/toolchain/bin/../lib/gcc/arm-none-eabi/4.8.4/armv6-m/crtn.o
 *(.fini)
 .fini          0x000020a0        0x4 c:/freescale/kds_3.0.0/toolchain/bin/../lib/gcc/arm-none-eabi/4.8.4/armv6-m/crti.o
                0x000020a0                _fini
 .fini          0x000020a4        0x8 c:/freescale/kds_3.0.0/toolchain/bin/../lib/gcc/arm-none-eabi/4.8.4/armv6-m/crtn.o
                0x000020ac                . = ALIGN (0x4)
                0x000020ac                _etext = .

.vfp11_veneer   0x000020ac        0x0
 .vfp11_veneer  0x00000000        0x0 linker stubs

.v4_bx          0x000020ac        0x0
 .v4_bx         0x00000000        0x0 linker stubs

.iplt           0x000020ac        0x0
 .iplt          0x00000000        0x0 c:/freescale/kds_3.0.0/toolchain/bin/../lib/gcc/arm-none-eabi/4.8.4/armv6-m/crtbegin.o

.ARM.extab
 *(.ARM.extab* .gnu.linkonce.armextab.*)

.ARM            0x000020ac        0x8
                0x000020ac                __exidx_start = .
 *(.ARM.exidx*)
 .ARM.exidx     0x000020ac        0x8 c:/freescale/kds_3.0.0/toolchain/bin/../lib/gcc/arm-none-eabi/4.8.4/../../../../arm-none-eabi/lib/armv6-m/crt0.o
                0x000020b4                __exidx_end = .

.rel.dyn        0x000020b4        0x0
 .rel.iplt      0x00000000        0x0 c:/freescale/kds_3.0.0/toolchain/bin/../lib/gcc/arm-none-eabi/4.8.4/armv6-m/crtbegin.o

.ctors          0x000020b4        0x0
                0x000020b4                __CTOR_LIST__ = .
 *crtbegin.o(.ctors)
 *(EXCLUDE_FILE(*crtend.o) .ctors)
 *(SORT(.ctors.*))
 *(.ctors)
                0x000020b4                __CTOR_END__ = .

.dtors          0x000020b4        0x0
                0x000020b4                __DTOR_LIST__ = .
 *crtbegin.o(.dtors)
 *(EXCLUDE_FILE(*crtend.o) .dtors)
 *(SORT(.dtors.*))
 *(.dtors)
                0x000020b4                __DTOR_END__ = .

.preinit_array  0x000020b4        0x0
                0x000020b4                PROVIDE (__preinit_array_start, .)
 *(.preinit_array*)
                0x000020b4                PROVIDE (__preinit_array_end, .)

.init_array     0x000020b4        0x4
                0x000020b4                PROVIDE (__init_array_start, .)
 *(SORT(.init_array.*))
 *(.init_array*)
 .init_array    0x000020b4        0x4 c:/freescale/kds_3.0.0/toolchain/bin/../lib/gcc/arm-none-eabi/4.8.4/armv6-m/crtbegin.o
                0x000020b8                PROVIDE (__init_array_end, .)

.fini_array     0x000020b8        0x4
                0x000020b8                PROVIDE (__fini_array_start, .)
 *(SORT(.fini_array.*))
 *(.fini_array*)
 .fini_array    0x000020b8        0x4 c:/freescale/kds_3.0.0/toolchain/bin/../lib/gcc/arm-none-eabi/4.8.4/armv6-m/crtbegin.o
                0x000020bc                PROVIDE (__fini_array_end, .)
                0x000020bc                ___ROM_AT = .

.mtb            0x1ffff000        0x0
                0x1ffff000                . = ALIGN (0x8)
                0x1ffff000                _mtb_start = .
 *(.mtb_buf)
                0x1ffff000                . = ALIGN (0x8)
                0x1ffff000                _mtb_end = .

.data           0x1ffff000       0x60 load address 0x000020bc
                0x1ffff000                . = ALIGN (0x4)
                0x1ffff000                _sdata = .
 *(.data)
 *(.data*)
 .data.impure_data
                0x1ffff000       0x60 c:/freescale/kds_3.0.0/toolchain/bin/../lib/gcc/arm-none-eabi/4.8.4/../../../../arm-none-eabi/lib/armv6-m\libg_s.a(lib_a-impure.o)
                0x1ffff060                . = ALIGN (0x4)
                0x1ffff060                _edata = .
                0x00000060                ___data_size = (_edata - _sdata)

.jcr            0x1ffff060        0x0 load address 0x0000211c
 .jcr           0x1ffff060        0x0 c:/freescale/kds_3.0.0/toolchain/bin/../lib/gcc/arm-none-eabi/4.8.4/armv6-m/crtbegin.o

.igot.plt       0x1ffff060        0x0 load address 0x0000211c
 .igot.plt      0x00000000        0x0 c:/freescale/kds_3.0.0/toolchain/bin/../lib/gcc/arm-none-eabi/4.8.4/armv6-m/crtbegin.o
                0x1ffff060                . = ALIGN (0x4)

.bss            0x1ffff060       0xec load address 0x0000211c
                0x1ffff060                __START_BSS = .
                0x1ffff060                PROVIDE (__bss_start__, __START_BSS)
 *(.bss)
 .bss           0x1ffff060       0x1c c:/freescale/kds_3.0.0/toolchain/bin/../lib/gcc/arm-none-eabi/4.8.4/armv6-m/crtbegin.o
 *(.bss*)
 .bss.DeviceDataPrv__DEFAULT_RTOS_ALLOC
                0x1ffff07c       0x20 ./Generated_Code/ASerialLdd1.o
 .bss.INT_UART0__DEFAULT_RTOS_ISRPARAM
                0x1ffff09c        0x4 ./Generated_Code/ASerialLdd1.o
 .bss.DeviceDataPrv__DEFAULT_RTOS_ALLOC
                0x1ffff0a0        0x4 ./Generated_Code/BitIoLdd1.o
 .bss.DeviceDataPrv__DEFAULT_RTOS_ALLOC
                0x1ffff0a4        0x4 ./Generated_Code/BitIoLdd2.o
 .bss.DeviceDataPrv__DEFAULT_RTOS_ALLOC
                0x1ffff0a8        0x4 ./Generated_Code/BitIoLdd3.o
 .bss.SR_lock   0x1ffff0ac        0x1 ./Generated_Code/Cpu.o
                0x1ffff0ac                SR_lock
 *fill*         0x1ffff0ad        0x1 
 .bss.OutLenM   0x1ffff0ae        0x2 ./Generated_Code/I2C.o
 .bss.DeviceDataPrv__DEFAULT_RTOS_ALLOC
                0x1ffff0b0       0x18 ./Generated_Code/IntI2cLdd1.o
 .bss.INT_I2C1__DEFAULT_RTOS_ISRPARAM
                0x1ffff0c8        0x4 ./Generated_Code/IntI2cLdd1.o
 .bss.PE_LDD_DeviceDataList
                0x1ffff0cc       0x20 ./Generated_Code/PE_LDD.o
                0x1ffff0cc                PE_LDD_DeviceDataList
 .bss.DeviceDataPrv__DEFAULT_RTOS_ALLOC
                0x1ffff0ec       0x1c ./Generated_Code/SMasterLdd1.o
 .bss.INT_SPI0__DEFAULT_RTOS_ISRPARAM
                0x1ffff108        0x4 ./Generated_Code/SMasterLdd1.o
 .bss.SerFlag   0x1ffff10c        0x1 ./Generated_Code/SPI.o
 .bss.ErrFlag   0x1ffff10d        0x1 ./Generated_Code/SPI.o
 .bss.BufferRead
                0x1ffff10e        0x1 ./Generated_Code/SPI.o
 *fill*         0x1ffff10f        0x1 
 .bss.DeviceDataPrv__DEFAULT_RTOS_ALLOC
                0x1ffff110        0xc ./Generated_Code/TU1.o
 .bss.INT_TPM0__DEFAULT_RTOS_ISRPARAM
                0x1ffff11c        0x4 ./Generated_Code/TU1.o
 .bss.DeviceDataPrv__DEFAULT_RTOS_ALLOC
                0x1ffff120       0x14 ./Generated_Code/TimerIntLdd1.o
 .bss.EnUser    0x1ffff134        0x1 ./Generated_Code/UART.o
 *fill*         0x1ffff135        0x1 
 .bss.SerFlag   0x1ffff136        0x2 ./Generated_Code/UART.o
 .bss.BufferRead
                0x1ffff138        0x1 ./Generated_Code/UART.o
 .bss.OutBuffer
                0x1ffff139        0x1 ./Generated_Code/UART.o
 *(COMMON)
 COMMON         0x1ffff13a        0x1 ./Generated_Code/Cpu.o
                0x1ffff13a                SR_reg
 *fill*         0x1ffff13b        0x1 
 COMMON         0x1ffff13c        0x8 ./Generated_Code/I2C.o
                0x1ffff13c                I2C_SndRcvTemp
                0x1ffff140                IntI2cLdd1_DeviceDataPtr
 COMMON         0x1ffff144        0x4 ./Generated_Code/SPI.o
                0x1ffff144                SMasterLdd1_DeviceDataPtr
 COMMON         0x1ffff148        0x4 ./Generated_Code/UART.o
                0x1ffff148                ASerialLdd1_DeviceDataPtr
                0x1ffff14c                . = ALIGN (0x4)
                0x1ffff14c                __END_BSS = .
                0x1ffff14c                PROVIDE (__bss_end__, __END_BSS)
                0x0000211c                _romp_at = (___ROM_AT + SIZEOF (.data))

.romp           0x1ffff14c       0x18 load address 0x0000211c
                0x0000211c                __S_romp = _romp_at
                0x1ffff14c        0x4 LONG 0x20bc ___ROM_AT
                0x1ffff150        0x4 LONG 0x1ffff000 _sdata
                0x1ffff154        0x4 LONG 0x60 ___data_size
                0x1ffff158        0x4 LONG 0x0
                0x1ffff15c        0x4 LONG 0x0
                0x1ffff160        0x4 LONG 0x0

._user_heap_stack
                0x1ffff164      0x400 load address 0x00002134
                0x1ffff164                . = ALIGN (0x4)
                0x1ffff164                PROVIDE (end, .)
                0x1ffff164                PROVIDE (_end, .)
                0x1ffff164                __heap_addr = .
                0x1ffff164                __HeapBase = .
                0x1ffff164                . = (. + __heap_size)
                0x1ffff164                __HeapLimit = .
                0x1ffff564                . = (. + __stack_size)
 *fill*         0x1ffff164      0x400 
                0x1ffff564                . = ALIGN (0x4)

.ARM.attributes
                0x00000000       0x28
 *(.ARM.attributes)
 .ARM.attributes
                0x00000000       0x1e c:/freescale/kds_3.0.0/toolchain/bin/../lib/gcc/arm-none-eabi/4.8.4/armv6-m/crti.o
 .ARM.attributes
                0x0000001e       0x2c c:/freescale/kds_3.0.0/toolchain/bin/../lib/gcc/arm-none-eabi/4.8.4/armv6-m/crtbegin.o
 .ARM.attributes
                0x0000004a       0x1b c:/freescale/kds_3.0.0/toolchain/bin/../lib/gcc/arm-none-eabi/4.8.4/../../../../arm-none-eabi/lib/armv6-m/crt0.o
 .ARM.attributes
                0x00000065       0x32 ./Sources/Events.o
 .ARM.attributes
                0x00000097       0x32 ./Sources/main.o
 .ARM.attributes
                0x000000c9       0x32 ./Project_Settings/Startup_Code/startup.o
 .ARM.attributes
                0x000000fb       0x32 ./Generated_Code/ASerialLdd1.o
 .ARM.attributes
                0x0000012d       0x32 ./Generated_Code/BitIoLdd1.o
 .ARM.attributes
                0x0000015f       0x32 ./Generated_Code/BitIoLdd2.o
 .ARM.attributes
                0x00000191       0x32 ./Generated_Code/BitIoLdd3.o
 .ARM.attributes
                0x000001c3       0x32 ./Generated_Code/Cpu.o
 .ARM.attributes
                0x000001f5       0x32 ./Generated_Code/I2C.o
 .ARM.attributes
                0x00000227       0x32 ./Generated_Code/IntI2cLdd1.o
 .ARM.attributes
                0x00000259       0x32 ./Generated_Code/PE_LDD.o
 .ARM.attributes
                0x0000028b       0x32 ./Generated_Code/SMasterLdd1.o
 .ARM.attributes
                0x000002bd       0x32 ./Generated_Code/SPI.o
 .ARM.attributes
                0x000002ef       0x32 ./Generated_Code/TI1.o
 .ARM.attributes
                0x00000321       0x32 ./Generated_Code/TU1.o
 .ARM.attributes
                0x00000353       0x32 ./Generated_Code/TimerIntLdd1.o
 .ARM.attributes
                0x00000385       0x32 ./Generated_Code/UART.o
 .ARM.attributes
                0x000003b7       0x32 ./Generated_Code/Vectors.o
 .ARM.attributes
                0x000003e9       0x32 ./Generated_Code/WAIT1.o
 .ARM.attributes
                0x0000041b       0x2c c:/freescale/kds_3.0.0/toolchain/bin/../lib/gcc/arm-none-eabi/4.8.4/../../../../arm-none-eabi/lib/armv6-m\libg_s.a(lib_a-exit.o)
 .ARM.attributes
                0x00000447       0x2c c:/freescale/kds_3.0.0/toolchain/bin/../lib/gcc/arm-none-eabi/4.8.4/../../../../arm-none-eabi/lib/armv6-m\libg_s.a(lib_a-impure.o)
 .ARM.attributes
                0x00000473       0x2c c:/freescale/kds_3.0.0/toolchain/bin/../lib/gcc/arm-none-eabi/4.8.4/../../../../arm-none-eabi/lib/armv6-m\libg_s.a(lib_a-init.o)
 .ARM.attributes
                0x0000049f       0x2c c:/freescale/kds_3.0.0/toolchain/bin/../lib/gcc/arm-none-eabi/4.8.4/../../../../arm-none-eabi/lib/armv6-m\libg_s.a(lib_a-memset.o)
 .ARM.attributes
                0x000004cb       0x2c c:/freescale/kds_3.0.0/toolchain/bin/../lib/gcc/arm-none-eabi/4.8.4/../../../../arm-none-eabi/lib/armv6-m\libnosys.a(_exit.o)
 .ARM.attributes
                0x000004f7       0x1e c:/freescale/kds_3.0.0/toolchain/bin/../lib/gcc/arm-none-eabi/4.8.4/armv6-m/crtn.o
OUTPUT(SetupSerialCommunication.elf elf32-littlearm)

.debug_info     0x00000000     0x477e
 .debug_info    0x00000000      0x12f ./Sources/Events.o
 .debug_info    0x0000012f       0xbd ./Sources/main.o
 .debug_info    0x000001ec      0x20a ./Project_Settings/Startup_Code/startup.o
 .debug_info    0x000003f6      0x8a6 ./Generated_Code/ASerialLdd1.o
 .debug_info    0x00000c9c      0x372 ./Generated_Code/BitIoLdd1.o
 .debug_info    0x0000100e      0x372 ./Generated_Code/BitIoLdd2.o
 .debug_info    0x00001380      0x372 ./Generated_Code/BitIoLdd3.o
 .debug_info    0x000016f2      0x865 ./Generated_Code/Cpu.o
 .debug_info    0x00001f57      0x360 ./Generated_Code/I2C.o
 .debug_info    0x000022b7      0x86a ./Generated_Code/IntI2cLdd1.o
 .debug_info    0x00002b21      0x251 ./Generated_Code/PE_LDD.o
 .debug_info    0x00002d72      0x6e8 ./Generated_Code/SMasterLdd1.o
 .debug_info    0x0000345a      0x32b ./Generated_Code/SPI.o
 .debug_info    0x00003785       0xb2 ./Generated_Code/TI1.o
 .debug_info    0x00003837      0x73a ./Generated_Code/TU1.o
 .debug_info    0x00003f71      0x24b ./Generated_Code/TimerIntLdd1.o
 .debug_info    0x000041bc      0x36c ./Generated_Code/UART.o
 .debug_info    0x00004528      0x10e ./Generated_Code/Vectors.o
 .debug_info    0x00004636      0x148 ./Generated_Code/WAIT1.o

.debug_abbrev   0x00000000     0x15cd
 .debug_abbrev  0x00000000       0x45 ./Sources/Events.o
 .debug_abbrev  0x00000045       0x7a ./Sources/main.o
 .debug_abbrev  0x000000bf      0x11e ./Project_Settings/Startup_Code/startup.o
 .debug_abbrev  0x000001dd      0x1b8 ./Generated_Code/ASerialLdd1.o
 .debug_abbrev  0x00000395      0x127 ./Generated_Code/BitIoLdd1.o
 .debug_abbrev  0x000004bc      0x127 ./Generated_Code/BitIoLdd2.o
 .debug_abbrev  0x000005e3      0x127 ./Generated_Code/BitIoLdd3.o
 .debug_abbrev  0x0000070a      0x15f ./Generated_Code/Cpu.o
 .debug_abbrev  0x00000869      0x179 ./Generated_Code/I2C.o
 .debug_abbrev  0x000009e2      0x18b ./Generated_Code/IntI2cLdd1.o
 .debug_abbrev  0x00000b6d      0x10d ./Generated_Code/PE_LDD.o
 .debug_abbrev  0x00000c7a      0x1a0 ./Generated_Code/SMasterLdd1.o
 .debug_abbrev  0x00000e1a      0x1ce ./Generated_Code/SPI.o
 .debug_abbrev  0x00000fe8       0x68 ./Generated_Code/TI1.o
 .debug_abbrev  0x00001050      0x1b4 ./Generated_Code/TU1.o
 .debug_abbrev  0x00001204       0xdd ./Generated_Code/TimerIntLdd1.o
 .debug_abbrev  0x000012e1      0x197 ./Generated_Code/UART.o
 .debug_abbrev  0x00001478       0xa4 ./Generated_Code/Vectors.o
 .debug_abbrev  0x0000151c       0xb1 ./Generated_Code/WAIT1.o

.debug_aranges  0x00000000      0x518
 .debug_aranges
                0x00000000       0x68 ./Sources/Events.o
 .debug_aranges
                0x00000068       0x20 ./Sources/main.o
 .debug_aranges
                0x00000088       0x50 ./Project_Settings/Startup_Code/startup.o
 .debug_aranges
                0x000000d8       0x60 ./Generated_Code/ASerialLdd1.o
 .debug_aranges
                0x00000138       0x40 ./Generated_Code/BitIoLdd1.o
 .debug_aranges
                0x00000178       0x40 ./Generated_Code/BitIoLdd2.o
 .debug_aranges
                0x000001b8       0x40 ./Generated_Code/BitIoLdd3.o
 .debug_aranges
                0x000001f8       0x38 ./Generated_Code/Cpu.o
 .debug_aranges
                0x00000230       0x60 ./Generated_Code/I2C.o
 .debug_aranges
                0x00000290       0x50 ./Generated_Code/IntI2cLdd1.o
 .debug_aranges
                0x000002e0       0x30 ./Generated_Code/PE_LDD.o
 .debug_aranges
                0x00000310       0x38 ./Generated_Code/SMasterLdd1.o
 .debug_aranges
                0x00000348       0x58 ./Generated_Code/SPI.o
 .debug_aranges
                0x000003a0       0x20 ./Generated_Code/TI1.o
 .debug_aranges
                0x000003c0       0x50 ./Generated_Code/TU1.o
 .debug_aranges
                0x00000410       0x38 ./Generated_Code/TimerIntLdd1.o
 .debug_aranges
                0x00000448       0x78 ./Generated_Code/UART.o
 .debug_aranges
                0x000004c0       0x18 ./Generated_Code/Vectors.o
 .debug_aranges
                0x000004d8       0x40 ./Generated_Code/WAIT1.o

.debug_ranges   0x00000000      0x3e0
 .debug_ranges  0x00000000       0x58 ./Sources/Events.o
 .debug_ranges  0x00000058       0x10 ./Sources/main.o
 .debug_ranges  0x00000068       0x40 ./Project_Settings/Startup_Code/startup.o
 .debug_ranges  0x000000a8       0x50 ./Generated_Code/ASerialLdd1.o
 .debug_ranges  0x000000f8       0x30 ./Generated_Code/BitIoLdd1.o
 .debug_ranges  0x00000128       0x30 ./Generated_Code/BitIoLdd2.o
 .debug_ranges  0x00000158       0x30 ./Generated_Code/BitIoLdd3.o
 .debug_ranges  0x00000188       0x28 ./Generated_Code/Cpu.o
 .debug_ranges  0x000001b0       0x50 ./Generated_Code/I2C.o
 .debug_ranges  0x00000200       0x40 ./Generated_Code/IntI2cLdd1.o
 .debug_ranges  0x00000240       0x20 ./Generated_Code/PE_LDD.o
 .debug_ranges  0x00000260       0x28 ./Generated_Code/SMasterLdd1.o
 .debug_ranges  0x00000288       0x48 ./Generated_Code/SPI.o
 .debug_ranges  0x000002d0       0x10 ./Generated_Code/TI1.o
 .debug_ranges  0x000002e0       0x40 ./Generated_Code/TU1.o
 .debug_ranges  0x00000320       0x28 ./Generated_Code/TimerIntLdd1.o
 .debug_ranges  0x00000348       0x68 ./Generated_Code/UART.o
 .debug_ranges  0x000003b0       0x30 ./Generated_Code/WAIT1.o

.debug_macro    0x00000000    0x13f6a
 .debug_macro   0x00000000      0x1fd ./Sources/Events.o
 .debug_macro   0x000001fd      0x802 ./Sources/Events.o
 .debug_macro   0x000009ff       0x16 ./Sources/Events.o
 .debug_macro   0x00000a15       0x44 ./Sources/Events.o
 .debug_macro   0x00000a59      0x209 ./Sources/Events.o
 .debug_macro   0x00000c62     0x15a0 ./Sources/Events.o
 .debug_macro   0x00002202      0x14e ./Sources/Events.o
 .debug_macro   0x00002350       0x64 ./Sources/Events.o
 .debug_macro   0x000023b4     0x6691 ./Sources/Events.o
 .debug_macro   0x00008a45       0x9a ./Sources/Events.o
 .debug_macro   0x00008adf       0x94 ./Sources/Events.o
 .debug_macro   0x00008b73      0x12c ./Sources/Events.o
 .debug_macro   0x00008c9f       0x40 ./Sources/Events.o
 .debug_macro   0x00008cdf       0x1f ./Sources/Events.o
 .debug_macro   0x00008cfe       0x47 ./Sources/Events.o
 .debug_macro   0x00008d45       0x3d ./Sources/Events.o
 .debug_macro   0x00008d82       0x46 ./Sources/Events.o
 .debug_macro   0x00008dc8       0x1f ./Sources/Events.o
 .debug_macro   0x00008de7       0x47 ./Sources/Events.o
 .debug_macro   0x00008e2e       0x46 ./Sources/Events.o
 .debug_macro   0x00008e74       0x1f ./Sources/Events.o
 .debug_macro   0x00008e93       0x47 ./Sources/Events.o
 .debug_macro   0x00008eda       0x73 ./Sources/Events.o
 .debug_macro   0x00008f4d       0x12 ./Sources/Events.o
 .debug_macro   0x00008f5f      0x648 ./Sources/Events.o
 .debug_macro   0x000095a7       0x3c ./Sources/Events.o
 .debug_macro   0x000095e3       0x18 ./Sources/Events.o
 .debug_macro   0x000095fb       0x4a ./Sources/Events.o
 .debug_macro   0x00009645      0x1dc ./Sources/Events.o
 .debug_macro   0x00009821       0x7b ./Sources/Events.o
 .debug_macro   0x0000989c       0x29 ./Sources/Events.o
 .debug_macro   0x000098c5       0x11 ./Sources/Events.o
 .debug_macro   0x000098d6      0x1fd ./Sources/main.o
 .debug_macro   0x00009ad3      0x121 ./Project_Settings/Startup_Code/startup.o
 .debug_macro   0x00009bf4       0x58 ./Project_Settings/Startup_Code/startup.o
 .debug_macro   0x00009c4c       0x35 ./Project_Settings/Startup_Code/startup.o
 .debug_macro   0x00009c81       0xa3 ./Project_Settings/Startup_Code/startup.o
 .debug_macro   0x00009d24      0x166 ./Project_Settings/Startup_Code/startup.o
 .debug_macro   0x00009e8a       0x4a ./Project_Settings/Startup_Code/startup.o
 .debug_macro   0x00009ed4       0x52 ./Project_Settings/Startup_Code/startup.o
 .debug_macro   0x00009f26       0x16 ./Project_Settings/Startup_Code/startup.o
 .debug_macro   0x00009f3c       0x43 ./Project_Settings/Startup_Code/startup.o
 .debug_macro   0x00009f7f      0x180 ./Project_Settings/Startup_Code/startup.o
 .debug_macro   0x0000a0ff      0x2a6 ./Project_Settings/Startup_Code/startup.o
 .debug_macro   0x0000a3a5       0x10 ./Project_Settings/Startup_Code/startup.o
 .debug_macro   0x0000a3b5       0x35 ./Project_Settings/Startup_Code/startup.o
 .debug_macro   0x0000a3ea       0x16 ./Project_Settings/Startup_Code/startup.o
 .debug_macro   0x0000a400       0x22 ./Project_Settings/Startup_Code/startup.o
 .debug_macro   0x0000a422       0x10 ./Project_Settings/Startup_Code/startup.o
 .debug_macro   0x0000a432      0x20f ./Project_Settings/Startup_Code/startup.o
 .debug_macro   0x0000a641     0x6685 ./Project_Settings/Startup_Code/startup.o
 .debug_macro   0x00010cc6       0xc5 ./Generated_Code/ASerialLdd1.o
 .debug_macro   0x00010d8b       0x6d ./Generated_Code/ASerialLdd1.o
 .debug_macro   0x00010df8       0x18 ./Generated_Code/ASerialLdd1.o
 .debug_macro   0x00010e10      0x2fd ./Generated_Code/ASerialLdd1.o
 .debug_macro   0x0001110d      0x99c ./Generated_Code/ASerialLdd1.o
 .debug_macro   0x00011aa9       0xa6 ./Generated_Code/BitIoLdd1.o
 .debug_macro   0x00011b4f       0xa6 ./Generated_Code/BitIoLdd2.o
 .debug_macro   0x00011bf5       0x40 ./Generated_Code/BitIoLdd2.o
 .debug_macro   0x00011c35       0xa6 ./Generated_Code/BitIoLdd3.o
 .debug_macro   0x00011cdb       0x40 ./Generated_Code/BitIoLdd3.o
 .debug_macro   0x00011d1b      0x21c ./Generated_Code/Cpu.o
 .debug_macro   0x00011f37      0x1f9 ./Generated_Code/I2C.o
 .debug_macro   0x00012130       0xfc ./Generated_Code/IntI2cLdd1.o
 .debug_macro   0x0001222c      0x4e4 ./Generated_Code/IntI2cLdd1.o
 .debug_macro   0x00012710      0x295 ./Generated_Code/IntI2cLdd1.o
 .debug_macro   0x000129a5      0x1b7 ./Generated_Code/PE_LDD.o
 .debug_macro   0x00012b5c       0xc5 ./Generated_Code/SMasterLdd1.o
 .debug_macro   0x00012c21      0x642 ./Generated_Code/SMasterLdd1.o
 .debug_macro   0x00013263      0x245 ./Generated_Code/SPI.o
 .debug_macro   0x000134a8      0x1f7 ./Generated_Code/TI1.o
 .debug_macro   0x0001369f       0xc3 ./Generated_Code/TU1.o
 .debug_macro   0x00013762      0x1d6 ./Generated_Code/TU1.o
 .debug_macro   0x00013938       0xd0 ./Generated_Code/TimerIntLdd1.o
 .debug_macro   0x00013a08      0x284 ./Generated_Code/UART.o
 .debug_macro   0x00013c8c      0x219 ./Generated_Code/Vectors.o
 .debug_macro   0x00013ea5       0x8e ./Generated_Code/WAIT1.o
 .debug_macro   0x00013f33       0x37 ./Generated_Code/WAIT1.o

.debug_line     0x00000000     0x4e61
 .debug_line    0x00000000      0x498 ./Sources/Events.o
 .debug_line    0x00000498      0x418 ./Sources/main.o
 .debug_line    0x000008b0      0x40b ./Project_Settings/Startup_Code/startup.o
 .debug_line    0x00000cbb      0x3f8 ./Generated_Code/ASerialLdd1.o
 .debug_line    0x000010b3      0x2f5 ./Generated_Code/BitIoLdd1.o
 .debug_line    0x000013a8      0x2f5 ./Generated_Code/BitIoLdd2.o
 .debug_line    0x0000169d      0x2f6 ./Generated_Code/BitIoLdd3.o
 .debug_line    0x00001993      0x604 ./Generated_Code/Cpu.o
 .debug_line    0x00001f97      0x52d ./Generated_Code/I2C.o
 .debug_line    0x000024c4      0x416 ./Generated_Code/IntI2cLdd1.o
 .debug_line    0x000028da      0x3eb ./Generated_Code/PE_LDD.o
 .debug_line    0x00002cc5      0x33e ./Generated_Code/SMasterLdd1.o
 .debug_line    0x00003003      0x546 ./Generated_Code/SPI.o
 .debug_line    0x00003549      0x45c ./Generated_Code/TI1.o
 .debug_line    0x000039a5      0x364 ./Generated_Code/TU1.o
 .debug_line    0x00003d09      0x30e ./Generated_Code/TimerIntLdd1.o
 .debug_line    0x00004017      0x641 ./Generated_Code/UART.o
 .debug_line    0x00004658      0x573 ./Generated_Code/Vectors.o
 .debug_line    0x00004bcb      0x296 ./Generated_Code/WAIT1.o

.debug_str      0x00000000    0x497d8
 .debug_str     0x00000000    0x34d9b ./Sources/Events.o
                              0x35191 (size before relaxing)
 .debug_str     0x00034d9b       0x3d ./Sources/main.o
                              0x35129 (size before relaxing)
 .debug_str     0x00034dd8     0x25f1 ./Project_Settings/Startup_Code/startup.o
                              0x27327 (size before relaxing)
 .debug_str     0x000373c9     0xacbc ./Generated_Code/ASerialLdd1.o
                              0x37033 (size before relaxing)
 .debug_str     0x00042085       0xe4 ./Generated_Code/BitIoLdd1.o
                              0x2cc47 (size before relaxing)
 .debug_str     0x00042169       0xa0 ./Generated_Code/BitIoLdd2.o
                              0x2cc47 (size before relaxing)
 .debug_str     0x00042209       0xa0 ./Generated_Code/BitIoLdd3.o
                              0x2cc41 (size before relaxing)
 .debug_str     0x000422a9      0x19c ./Generated_Code/Cpu.o
                              0x35434 (size before relaxing)
 .debug_str     0x00042445      0x192 ./Generated_Code/I2C.o
                              0x35305 (size before relaxing)
 .debug_str     0x000425d7     0x67dd ./Generated_Code/IntI2cLdd1.o
                              0x32d77 (size before relaxing)
 .debug_str     0x00048db4      0x17e ./Generated_Code/PE_LDD.o
                              0x352c2 (size before relaxing)
 .debug_str     0x00048f32      0x1d2 ./Generated_Code/SMasterLdd1.o
                              0x31bf6 (size before relaxing)
 .debug_str     0x00049104      0x1d5 ./Generated_Code/SPI.o
                              0x35357 (size before relaxing)
 .debug_str     0x000492d9       0x31 ./Generated_Code/TI1.o
                              0x35137 (size before relaxing)
 .debug_str     0x0004930a      0x1bb ./Generated_Code/TU1.o
                              0x2e106 (size before relaxing)
 .debug_str     0x000494c5       0xe1 ./Generated_Code/TimerIntLdd1.o
                              0x2df94 (size before relaxing)
 .debug_str     0x000495a6      0x192 ./Generated_Code/UART.o
                              0x353e6 (size before relaxing)
 .debug_str     0x00049738       0x1c ./Generated_Code/Vectors.o
                              0x35155 (size before relaxing)
 .debug_str     0x00049754       0x84 ./Generated_Code/WAIT1.o
                              0x2bfb0 (size before relaxing)

.comment        0x00000000       0x70
 .comment       0x00000000       0x70 ./Sources/Events.o
                                 0x71 (size before relaxing)
 .comment       0x00000000       0x71 ./Sources/main.o
 .comment       0x00000000       0x71 ./Project_Settings/Startup_Code/startup.o
 .comment       0x00000000       0x71 ./Generated_Code/ASerialLdd1.o
 .comment       0x00000000       0x71 ./Generated_Code/BitIoLdd1.o
 .comment       0x00000000       0x71 ./Generated_Code/BitIoLdd2.o
 .comment       0x00000000       0x71 ./Generated_Code/BitIoLdd3.o
 .comment       0x00000000       0x71 ./Generated_Code/Cpu.o
 .comment       0x00000000       0x71 ./Generated_Code/I2C.o
 .comment       0x00000000       0x71 ./Generated_Code/IntI2cLdd1.o
 .comment       0x00000000       0x71 ./Generated_Code/PE_LDD.o
 .comment       0x00000000       0x71 ./Generated_Code/SMasterLdd1.o
 .comment       0x00000000       0x71 ./Generated_Code/SPI.o
 .comment       0x00000000       0x71 ./Generated_Code/TI1.o
 .comment       0x00000000       0x71 ./Generated_Code/TU1.o
 .comment       0x00000000       0x71 ./Generated_Code/TimerIntLdd1.o
 .comment       0x00000000       0x71 ./Generated_Code/UART.o
 .comment       0x00000000       0x71 ./Generated_Code/Vectors.o
 .comment       0x00000000       0x71 ./Generated_Code/WAIT1.o

.debug_frame    0x00000000      0xe54
 .debug_frame   0x00000000      0x128 ./Sources/Events.o
 .debug_frame   0x00000128       0x2c ./Sources/main.o
 .debug_frame   0x00000154       0xd0 ./Project_Settings/Startup_Code/startup.o
 .debug_frame   0x00000224      0x138 ./Generated_Code/ASerialLdd1.o
 .debug_frame   0x0000035c       0xb0 ./Generated_Code/BitIoLdd1.o
 .debug_frame   0x0000040c       0xb0 ./Generated_Code/BitIoLdd2.o
 .debug_frame   0x000004bc       0xb0 ./Generated_Code/BitIoLdd3.o
 .debug_frame   0x0000056c       0x80 ./Generated_Code/Cpu.o
 .debug_frame   0x000005ec      0x128 ./Generated_Code/I2C.o
 .debug_frame   0x00000714       0xf0 ./Generated_Code/IntI2cLdd1.o
 .debug_frame   0x00000804       0x6c ./Generated_Code/PE_LDD.o
 .debug_frame   0x00000870       0x90 ./Generated_Code/SMasterLdd1.o
 .debug_frame   0x00000900      0x104 ./Generated_Code/SPI.o
 .debug_frame   0x00000a04       0x30 ./Generated_Code/TI1.o
 .debug_frame   0x00000a34       0xf0 ./Generated_Code/TU1.o
 .debug_frame   0x00000b24       0x90 ./Generated_Code/TimerIntLdd1.o
 .debug_frame   0x00000bb4      0x17c ./Generated_Code/UART.o
 .debug_frame   0x00000d30       0x90 ./Generated_Code/WAIT1.o
 .debug_frame   0x00000dc0       0x28 c:/freescale/kds_3.0.0/toolchain/bin/../lib/gcc/arm-none-eabi/4.8.4/../../../../arm-none-eabi/lib/armv6-m\libg_s.a(lib_a-exit.o)
 .debug_frame   0x00000de8       0x2c c:/freescale/kds_3.0.0/toolchain/bin/../lib/gcc/arm-none-eabi/4.8.4/../../../../arm-none-eabi/lib/armv6-m\libg_s.a(lib_a-init.o)
 .debug_frame   0x00000e14       0x20 c:/freescale/kds_3.0.0/toolchain/bin/../lib/gcc/arm-none-eabi/4.8.4/../../../../arm-none-eabi/lib/armv6-m\libg_s.a(lib_a-memset.o)
 .debug_frame   0x00000e34       0x20 c:/freescale/kds_3.0.0/toolchain/bin/../lib/gcc/arm-none-eabi/4.8.4/../../../../arm-none-eabi/lib/armv6-m\libnosys.a(_exit.o)
