Archive member included to satisfy reference by file (symbol)

c:/program files (x86)/atmel/studio/7.0/toolchain/avr8/avr8-gnu-toolchain/bin/../lib/gcc/avr/4.9.2/avr5\libgcc.a(_exit.o)
                              C:/Program Files (x86)/Atmel/Studio/7.0/Packs/atmel/ATmega_DFP/1.0.98/gcc/dev/atmega328p/avr5/crtatmega328p.o (exit)
c:/program files (x86)/atmel/studio/7.0/toolchain/avr8/avr8-gnu-toolchain/bin/../lib/gcc/avr/4.9.2/avr5\libgcc.a(_tablejump2.o)
                              stacksinglebyte.o (__tablejump2__)
c:/program files (x86)/atmel/studio/7.0/toolchain/avr8/avr8-gnu-toolchain/bin/../lib/gcc/avr/4.9.2/avr5\libgcc.a(_copy_data.o)
                              main.o (__do_copy_data)
c:/program files (x86)/atmel/studio/7.0/toolchain/avr8/avr8-gnu-toolchain/bin/../lib/gcc/avr/4.9.2/avr5\libgcc.a(_clear_bss.o)
                              stacksinglebyte.o (__do_clear_bss)
c:/program files (x86)/atmel/studio/7.0/toolchain/avr8/avr8-gnu-toolchain/bin/../lib/gcc/avr/4.9.2/avr5\libgcc.a(_ctors.o)
                              stacksinglebyte.o (__do_global_ctors)
c:/program files (x86)/atmel/studio/7.0/toolchain/avr8/avr8-gnu-toolchain/bin/../lib/gcc/avr/4.9.2/../../../../avr/lib/avr5\libc.a(memcpy_P.o)
                              main.o (memcpy_P)

Discarded input sections

 .data          0x00000000        0x0 C:/Program Files (x86)/Atmel/Studio/7.0/Packs/atmel/ATmega_DFP/1.0.98/gcc/dev/atmega328p/avr5/crtatmega328p.o
 .bss           0x00000000        0x0 C:/Program Files (x86)/Atmel/Studio/7.0/Packs/atmel/ATmega_DFP/1.0.98/gcc/dev/atmega328p/avr5/crtatmega328p.o
 .text          0x00000000        0x0 stackmultibyte.o
 .data          0x00000000        0x0 stackmultibyte.o
 .bss           0x00000000        0x0 stackmultibyte.o
 .debug_line    0x00000000        0x0 stackmultibyte.o
 .debug_str     0x00000000      0x199 stackmultibyte.o
 .comment       0x00000000       0x31 stackmultibyte.o
 .group         0x00000000        0x8 stacksinglebyte.o
 .group         0x00000000        0x8 stacksinglebyte.o
 .group         0x00000000        0xc stacksinglebyte.o
 .group         0x00000000        0xc stacksinglebyte.o
 .group         0x00000000        0xc stacksinglebyte.o
 .group         0x00000000        0x8 stacksinglebyte.o
 .group         0x00000000        0x8 stacksinglebyte.o
 .group         0x00000000        0x8 stacksinglebyte.o
 .text          0x00000000        0x0 stacksinglebyte.o
 .data          0x00000000        0x0 stacksinglebyte.o
 .bss           0x00000000        0x0 stacksinglebyte.o
 .text._ZN15StackSingleByte28startCallbackTimerAfterReplyEv
                0x00000000        0x6 stacksinglebyte.o
 .text          0x00000000        0x0 stacktransparent.o
 .data          0x00000000        0x0 stacktransparent.o
 .bss           0x00000000        0x0 stacktransparent.o
 .debug_line    0x00000000        0x0 stacktransparent.o
 .debug_str     0x00000000      0x19b stacktransparent.o
 .comment       0x00000000       0x31 stacktransparent.o
 .group         0x00000000        0x8 demoapp.o
 .text          0x00000000        0x0 demoapp.o
 .data          0x00000000        0x0 demoapp.o
 .bss           0x00000000        0x0 demoapp.o
 .text._ZN7DemoApp22isDigitalButtonPressedEv
                0x00000000        0xc demoapp.o
 .bss._ZZN9StackBaseI15StackSingleByteLi1ELi1E16DefaultSsHandlerE12setSioActiveEvE9wasDriven
                0x00000000        0x1 demoapp.o
 .text          0x00000000        0x0 i2c_master.o
 .data          0x00000000        0x0 i2c_master.o
 .bss           0x00000000        0x0 i2c_master.o
 .group         0x00000000        0x8 main.o
 .group         0x00000000        0x8 main.o
 .text          0x00000000        0x0 main.o
 .data          0x00000000        0x0 main.o
 .bss           0x00000000        0x0 main.o
 .text          0x00000000        0x0 c:/program files (x86)/atmel/studio/7.0/toolchain/avr8/avr8-gnu-toolchain/bin/../lib/gcc/avr/4.9.2/avr5\libgcc.a(_exit.o)
 .data          0x00000000        0x0 c:/program files (x86)/atmel/studio/7.0/toolchain/avr8/avr8-gnu-toolchain/bin/../lib/gcc/avr/4.9.2/avr5\libgcc.a(_exit.o)
 .bss           0x00000000        0x0 c:/program files (x86)/atmel/studio/7.0/toolchain/avr8/avr8-gnu-toolchain/bin/../lib/gcc/avr/4.9.2/avr5\libgcc.a(_exit.o)
 .text.libgcc.mul
                0x00000000        0x0 c:/program files (x86)/atmel/studio/7.0/toolchain/avr8/avr8-gnu-toolchain/bin/../lib/gcc/avr/4.9.2/avr5\libgcc.a(_exit.o)
 .text.libgcc.div
                0x00000000        0x0 c:/program files (x86)/atmel/studio/7.0/toolchain/avr8/avr8-gnu-toolchain/bin/../lib/gcc/avr/4.9.2/avr5\libgcc.a(_exit.o)
 .text.libgcc   0x00000000        0x0 c:/program files (x86)/atmel/studio/7.0/toolchain/avr8/avr8-gnu-toolchain/bin/../lib/gcc/avr/4.9.2/avr5\libgcc.a(_exit.o)
 .text.libgcc.prologue
                0x00000000        0x0 c:/program files (x86)/atmel/studio/7.0/toolchain/avr8/avr8-gnu-toolchain/bin/../lib/gcc/avr/4.9.2/avr5\libgcc.a(_exit.o)
 .text.libgcc.builtins
                0x00000000        0x0 c:/program files (x86)/atmel/studio/7.0/toolchain/avr8/avr8-gnu-toolchain/bin/../lib/gcc/avr/4.9.2/avr5\libgcc.a(_exit.o)
 .text.libgcc.fmul
                0x00000000        0x0 c:/program files (x86)/atmel/studio/7.0/toolchain/avr8/avr8-gnu-toolchain/bin/../lib/gcc/avr/4.9.2/avr5\libgcc.a(_exit.o)
 .text.libgcc.fixed
                0x00000000        0x0 c:/program files (x86)/atmel/studio/7.0/toolchain/avr8/avr8-gnu-toolchain/bin/../lib/gcc/avr/4.9.2/avr5\libgcc.a(_exit.o)
 .text          0x00000000        0x0 c:/program files (x86)/atmel/studio/7.0/toolchain/avr8/avr8-gnu-toolchain/bin/../lib/gcc/avr/4.9.2/avr5\libgcc.a(_tablejump2.o)
 .data          0x00000000        0x0 c:/program files (x86)/atmel/studio/7.0/toolchain/avr8/avr8-gnu-toolchain/bin/../lib/gcc/avr/4.9.2/avr5\libgcc.a(_tablejump2.o)
 .bss           0x00000000        0x0 c:/program files (x86)/atmel/studio/7.0/toolchain/avr8/avr8-gnu-toolchain/bin/../lib/gcc/avr/4.9.2/avr5\libgcc.a(_tablejump2.o)
 .text.libgcc.mul
                0x00000000        0x0 c:/program files (x86)/atmel/studio/7.0/toolchain/avr8/avr8-gnu-toolchain/bin/../lib/gcc/avr/4.9.2/avr5\libgcc.a(_tablejump2.o)
 .text.libgcc.div
                0x00000000        0x0 c:/program files (x86)/atmel/studio/7.0/toolchain/avr8/avr8-gnu-toolchain/bin/../lib/gcc/avr/4.9.2/avr5\libgcc.a(_tablejump2.o)
 .text.libgcc.prologue
                0x00000000        0x0 c:/program files (x86)/atmel/studio/7.0/toolchain/avr8/avr8-gnu-toolchain/bin/../lib/gcc/avr/4.9.2/avr5\libgcc.a(_tablejump2.o)
 .text.libgcc.builtins
                0x00000000        0x0 c:/program files (x86)/atmel/studio/7.0/toolchain/avr8/avr8-gnu-toolchain/bin/../lib/gcc/avr/4.9.2/avr5\libgcc.a(_tablejump2.o)
 .text.libgcc.fmul
                0x00000000        0x0 c:/program files (x86)/atmel/studio/7.0/toolchain/avr8/avr8-gnu-toolchain/bin/../lib/gcc/avr/4.9.2/avr5\libgcc.a(_tablejump2.o)
 .text.libgcc.fixed
                0x00000000        0x0 c:/program files (x86)/atmel/studio/7.0/toolchain/avr8/avr8-gnu-toolchain/bin/../lib/gcc/avr/4.9.2/avr5\libgcc.a(_tablejump2.o)
 .text          0x00000000        0x0 c:/program files (x86)/atmel/studio/7.0/toolchain/avr8/avr8-gnu-toolchain/bin/../lib/gcc/avr/4.9.2/avr5\libgcc.a(_copy_data.o)
 .data          0x00000000        0x0 c:/program files (x86)/atmel/studio/7.0/toolchain/avr8/avr8-gnu-toolchain/bin/../lib/gcc/avr/4.9.2/avr5\libgcc.a(_copy_data.o)
 .bss           0x00000000        0x0 c:/program files (x86)/atmel/studio/7.0/toolchain/avr8/avr8-gnu-toolchain/bin/../lib/gcc/avr/4.9.2/avr5\libgcc.a(_copy_data.o)
 .text.libgcc.mul
                0x00000000        0x0 c:/program files (x86)/atmel/studio/7.0/toolchain/avr8/avr8-gnu-toolchain/bin/../lib/gcc/avr/4.9.2/avr5\libgcc.a(_copy_data.o)
 .text.libgcc.div
                0x00000000        0x0 c:/program files (x86)/atmel/studio/7.0/toolchain/avr8/avr8-gnu-toolchain/bin/../lib/gcc/avr/4.9.2/avr5\libgcc.a(_copy_data.o)
 .text.libgcc   0x00000000        0x0 c:/program files (x86)/atmel/studio/7.0/toolchain/avr8/avr8-gnu-toolchain/bin/../lib/gcc/avr/4.9.2/avr5\libgcc.a(_copy_data.o)
 .text.libgcc.prologue
                0x00000000        0x0 c:/program files (x86)/atmel/studio/7.0/toolchain/avr8/avr8-gnu-toolchain/bin/../lib/gcc/avr/4.9.2/avr5\libgcc.a(_copy_data.o)
 .text.libgcc.builtins
                0x00000000        0x0 c:/program files (x86)/atmel/studio/7.0/toolchain/avr8/avr8-gnu-toolchain/bin/../lib/gcc/avr/4.9.2/avr5\libgcc.a(_copy_data.o)
 .text.libgcc.fmul
                0x00000000        0x0 c:/program files (x86)/atmel/studio/7.0/toolchain/avr8/avr8-gnu-toolchain/bin/../lib/gcc/avr/4.9.2/avr5\libgcc.a(_copy_data.o)
 .text.libgcc.fixed
                0x00000000        0x0 c:/program files (x86)/atmel/studio/7.0/toolchain/avr8/avr8-gnu-toolchain/bin/../lib/gcc/avr/4.9.2/avr5\libgcc.a(_copy_data.o)
 .text          0x00000000        0x0 c:/program files (x86)/atmel/studio/7.0/toolchain/avr8/avr8-gnu-toolchain/bin/../lib/gcc/avr/4.9.2/avr5\libgcc.a(_clear_bss.o)
 .data          0x00000000        0x0 c:/program files (x86)/atmel/studio/7.0/toolchain/avr8/avr8-gnu-toolchain/bin/../lib/gcc/avr/4.9.2/avr5\libgcc.a(_clear_bss.o)
 .bss           0x00000000        0x0 c:/program files (x86)/atmel/studio/7.0/toolchain/avr8/avr8-gnu-toolchain/bin/../lib/gcc/avr/4.9.2/avr5\libgcc.a(_clear_bss.o)
 .text.libgcc.mul
                0x00000000        0x0 c:/program files (x86)/atmel/studio/7.0/toolchain/avr8/avr8-gnu-toolchain/bin/../lib/gcc/avr/4.9.2/avr5\libgcc.a(_clear_bss.o)
 .text.libgcc.div
                0x00000000        0x0 c:/program files (x86)/atmel/studio/7.0/toolchain/avr8/avr8-gnu-toolchain/bin/../lib/gcc/avr/4.9.2/avr5\libgcc.a(_clear_bss.o)
 .text.libgcc   0x00000000        0x0 c:/program files (x86)/atmel/studio/7.0/toolchain/avr8/avr8-gnu-toolchain/bin/../lib/gcc/avr/4.9.2/avr5\libgcc.a(_clear_bss.o)
 .text.libgcc.prologue
                0x00000000        0x0 c:/program files (x86)/atmel/studio/7.0/toolchain/avr8/avr8-gnu-toolchain/bin/../lib/gcc/avr/4.9.2/avr5\libgcc.a(_clear_bss.o)
 .text.libgcc.builtins
                0x00000000        0x0 c:/program files (x86)/atmel/studio/7.0/toolchain/avr8/avr8-gnu-toolchain/bin/../lib/gcc/avr/4.9.2/avr5\libgcc.a(_clear_bss.o)
 .text.libgcc.fmul
                0x00000000        0x0 c:/program files (x86)/atmel/studio/7.0/toolchain/avr8/avr8-gnu-toolchain/bin/../lib/gcc/avr/4.9.2/avr5\libgcc.a(_clear_bss.o)
 .text.libgcc.fixed
                0x00000000        0x0 c:/program files (x86)/atmel/studio/7.0/toolchain/avr8/avr8-gnu-toolchain/bin/../lib/gcc/avr/4.9.2/avr5\libgcc.a(_clear_bss.o)
 .text          0x00000000        0x0 c:/program files (x86)/atmel/studio/7.0/toolchain/avr8/avr8-gnu-toolchain/bin/../lib/gcc/avr/4.9.2/avr5\libgcc.a(_ctors.o)
 .data          0x00000000        0x0 c:/program files (x86)/atmel/studio/7.0/toolchain/avr8/avr8-gnu-toolchain/bin/../lib/gcc/avr/4.9.2/avr5\libgcc.a(_ctors.o)
 .bss           0x00000000        0x0 c:/program files (x86)/atmel/studio/7.0/toolchain/avr8/avr8-gnu-toolchain/bin/../lib/gcc/avr/4.9.2/avr5\libgcc.a(_ctors.o)
 .text.libgcc.mul
                0x00000000        0x0 c:/program files (x86)/atmel/studio/7.0/toolchain/avr8/avr8-gnu-toolchain/bin/../lib/gcc/avr/4.9.2/avr5\libgcc.a(_ctors.o)
 .text.libgcc.div
                0x00000000        0x0 c:/program files (x86)/atmel/studio/7.0/toolchain/avr8/avr8-gnu-toolchain/bin/../lib/gcc/avr/4.9.2/avr5\libgcc.a(_ctors.o)
 .text.libgcc   0x00000000        0x0 c:/program files (x86)/atmel/studio/7.0/toolchain/avr8/avr8-gnu-toolchain/bin/../lib/gcc/avr/4.9.2/avr5\libgcc.a(_ctors.o)
 .text.libgcc.prologue
                0x00000000        0x0 c:/program files (x86)/atmel/studio/7.0/toolchain/avr8/avr8-gnu-toolchain/bin/../lib/gcc/avr/4.9.2/avr5\libgcc.a(_ctors.o)
 .text.libgcc.builtins
                0x00000000        0x0 c:/program files (x86)/atmel/studio/7.0/toolchain/avr8/avr8-gnu-toolchain/bin/../lib/gcc/avr/4.9.2/avr5\libgcc.a(_ctors.o)
 .text.libgcc.fmul
                0x00000000        0x0 c:/program files (x86)/atmel/studio/7.0/toolchain/avr8/avr8-gnu-toolchain/bin/../lib/gcc/avr/4.9.2/avr5\libgcc.a(_ctors.o)
 .text.libgcc.fixed
                0x00000000        0x0 c:/program files (x86)/atmel/studio/7.0/toolchain/avr8/avr8-gnu-toolchain/bin/../lib/gcc/avr/4.9.2/avr5\libgcc.a(_ctors.o)
 .text          0x00000000        0x0 c:/program files (x86)/atmel/studio/7.0/toolchain/avr8/avr8-gnu-toolchain/bin/../lib/gcc/avr/4.9.2/../../../../avr/lib/avr5\libc.a(memcpy_P.o)
 .data          0x00000000        0x0 c:/program files (x86)/atmel/studio/7.0/toolchain/avr8/avr8-gnu-toolchain/bin/../lib/gcc/avr/4.9.2/../../../../avr/lib/avr5\libc.a(memcpy_P.o)
 .bss           0x00000000        0x0 c:/program files (x86)/atmel/studio/7.0/toolchain/avr8/avr8-gnu-toolchain/bin/../lib/gcc/avr/4.9.2/../../../../avr/lib/avr5\libc.a(memcpy_P.o)

Memory Configuration

Name             Origin             Length             Attributes
text             0x00000000         0x00020000         xr
data             0x00800060         0x0000ffa0         rw !x
eeprom           0x00810000         0x00010000         rw !x
fuse             0x00820000         0x00000400         rw !x
lock             0x00830000         0x00000400         rw !x
signature        0x00840000         0x00000400         rw !x
user_signatures  0x00850000         0x00000400         rw !x
*default*        0x00000000         0xffffffff

Linker script and memory map

Address of section .data set to 0x800100
LOAD C:/Program Files (x86)/Atmel/Studio/7.0/Packs/atmel/ATmega_DFP/1.0.98/gcc/dev/atmega328p/avr5/crtatmega328p.o
LOAD stackmultibyte.o
LOAD stacksinglebyte.o
LOAD stacktransparent.o
LOAD demoapp.o
LOAD i2c_master.o
LOAD main.o
START GROUP
END GROUP
LOAD c:/program files (x86)/atmel/studio/7.0/toolchain/avr8/avr8-gnu-toolchain/bin/../lib/gcc/avr/4.9.2/avr5\libgcc.a
LOAD c:/program files (x86)/atmel/studio/7.0/toolchain/avr8/avr8-gnu-toolchain/bin/../lib/gcc/avr/4.9.2/../../../../avr/lib/avr5\libm.a
START GROUP
LOAD c:/program files (x86)/atmel/studio/7.0/toolchain/avr8/avr8-gnu-toolchain/bin/../lib/gcc/avr/4.9.2/avr5\libgcc.a
LOAD c:/program files (x86)/atmel/studio/7.0/toolchain/avr8/avr8-gnu-toolchain/bin/../lib/gcc/avr/4.9.2/../../../../avr/lib/avr5\libm.a
LOAD c:/program files (x86)/atmel/studio/7.0/toolchain/avr8/avr8-gnu-toolchain/bin/../lib/gcc/avr/4.9.2/../../../../avr/lib/avr5\libc.a
LOAD C:/Program Files (x86)/Atmel/Studio/7.0/Packs/atmel/ATmega_DFP/1.0.98/gcc/dev/atmega328p/avr5\libatmega328p.a
END GROUP

.hash
 *(.hash)

.dynsym
 *(.dynsym)

.dynstr
 *(.dynstr)

.gnu.version
 *(.gnu.version)

.gnu.version_d
 *(.gnu.version_d)

.gnu.version_r
 *(.gnu.version_r)

.rel.init
 *(.rel.init)

.rela.init
 *(.rela.init)

.rel.text
 *(.rel.text)
 *(.rel.text.*)
 *(.rel.gnu.linkonce.t*)

.rela.text
 *(.rela.text)
 *(.rela.text.*)
 *(.rela.gnu.linkonce.t*)

.rel.fini
 *(.rel.fini)

.rela.fini
 *(.rela.fini)

.rel.rodata
 *(.rel.rodata)
 *(.rel.rodata.*)
 *(.rel.gnu.linkonce.r*)

.rela.rodata
 *(.rela.rodata)
 *(.rela.rodata.*)
 *(.rela.gnu.linkonce.r*)

.rel.data
 *(.rel.data)
 *(.rel.data.*)
 *(.rel.gnu.linkonce.d*)

.rela.data
 *(.rela.data)
 *(.rela.data.*)
 *(.rela.gnu.linkonce.d*)

.rel.ctors
 *(.rel.ctors)

.rela.ctors
 *(.rela.ctors)

.rel.dtors
 *(.rel.dtors)

.rela.dtors
 *(.rela.dtors)

.rel.got
 *(.rel.got)

.rela.got
 *(.rela.got)

.rel.bss
 *(.rel.bss)

.rela.bss
 *(.rela.bss)

.rel.plt
 *(.rel.plt)

.rela.plt
 *(.rela.plt)

.text           0x00000000     0x1318
 *(.vectors)
 .vectors       0x00000000       0x68 C:/Program Files (x86)/Atmel/Studio/7.0/Packs/atmel/ATmega_DFP/1.0.98/gcc/dev/atmega328p/avr5/crtatmega328p.o
                0x00000000                __vector_default
                0x00000000                __vectors
 *(.vectors)
 *(.progmem.gcc*)
 .progmem.gcc_sw_table._ZN15StackSingleByte19handleOperatingModeILN6IoLink12DeviceDLModeE4EEEN9StackBaseIS_Li1ELi1E16DefaultSsHandlerE13HandlerResultEv
                0x00000068       0x18 stacksinglebyte.o
 .progmem.gcc_sw_table._ZN15StackSingleByte19handleOperatingModeILN6IoLink12DeviceDLModeE3EEEN9StackBaseIS_Li1ELi1E16DefaultSsHandlerE13HandlerResultEv
                0x00000080       0x18 stacksinglebyte.o
 .progmem.gcc_sw_table._ZN15StackSingleByte19handleOperatingModeILN6IoLink12DeviceDLModeE2EEEN9StackBaseIS_Li1ELi1E16DefaultSsHandlerE13HandlerResultEv
                0x00000098       0x18 stacksinglebyte.o
                0x000000b0                . = ALIGN (0x2)
                0x000000b0                __trampolines_start = .
 *(.trampolines)
 .trampolines   0x000000b0        0x0 linker stubs
 *(.trampolines*)
                0x000000b0                __trampolines_end = .
 *(.progmem*)
 .progmem.data  0x000000b0      0x100 stacksinglebyte.o
                0x000000b0                _ZZN6IoLink17calculateChecksumEhhE9checksum6
 .progmem.data  0x000001b0       0x20 main.o
                0x000001b0                _ZZN9StackBaseI15StackSingleByteLi1ELi1E16DefaultSsHandlerE18configureStackBaseEvE19directDefaultConfig
                0x000001d0                . = ALIGN (0x2)
 *(.jumptables)
 *(.jumptables*)
 *(.lowtext)
 *(.lowtext*)
                0x000001d0                __ctors_start = .
 *(.ctors)
 .ctors         0x000001d0        0x2 stacksinglebyte.o
                0x000001d2                __ctors_end = .
                0x000001d2                __dtors_start = .
 *(.dtors)
                0x000001d2                __dtors_end = .
 SORT(*)(.ctors)
 SORT(*)(.dtors)
 *(.init0)
 .init0         0x000001d2        0x0 C:/Program Files (x86)/Atmel/Studio/7.0/Packs/atmel/ATmega_DFP/1.0.98/gcc/dev/atmega328p/avr5/crtatmega328p.o
                0x000001d2                __init
 *(.init0)
 *(.init1)
 *(.init1)
 *(.init2)
 .init2         0x000001d2        0xc C:/Program Files (x86)/Atmel/Studio/7.0/Packs/atmel/ATmega_DFP/1.0.98/gcc/dev/atmega328p/avr5/crtatmega328p.o
 *(.init2)
 *(.init3)
 *(.init3)
 *(.init4)
 .init4         0x000001de       0x16 c:/program files (x86)/atmel/studio/7.0/toolchain/avr8/avr8-gnu-toolchain/bin/../lib/gcc/avr/4.9.2/avr5\libgcc.a(_copy_data.o)
                0x000001de                __do_copy_data
 .init4         0x000001f4       0x10 c:/program files (x86)/atmel/studio/7.0/toolchain/avr8/avr8-gnu-toolchain/bin/../lib/gcc/avr/4.9.2/avr5\libgcc.a(_clear_bss.o)
                0x000001f4                __do_clear_bss
 *(.init4)
 *(.init5)
 *(.init5)
 *(.init6)
 .init6         0x00000204       0x16 c:/program files (x86)/atmel/studio/7.0/toolchain/avr8/avr8-gnu-toolchain/bin/../lib/gcc/avr/4.9.2/avr5\libgcc.a(_ctors.o)
                0x00000204                __do_global_ctors
 *(.init6)
 *(.init7)
 *(.init7)
 *(.init8)
 *(.init8)
 *(.init9)
 .init9         0x0000021a        0x8 C:/Program Files (x86)/Atmel/Studio/7.0/Packs/atmel/ATmega_DFP/1.0.98/gcc/dev/atmega328p/avr5/crtatmega328p.o
 *(.init9)
 *(.text)
 .text          0x00000222        0x2 C:/Program Files (x86)/Atmel/Studio/7.0/Packs/atmel/ATmega_DFP/1.0.98/gcc/dev/atmega328p/avr5/crtatmega328p.o
                0x00000222                __vector_22
                0x00000222                __vector_1
                0x00000222                __vector_12
                0x00000222                __bad_interrupt
                0x00000222                __vector_6
                0x00000222                __vector_3
                0x00000222                __vector_23
                0x00000222                __vector_25
                0x00000222                __vector_11
                0x00000222                __vector_13
                0x00000222                __vector_17
                0x00000222                __vector_19
                0x00000222                __vector_7
                0x00000222                __vector_5
                0x00000222                __vector_9
                0x00000222                __vector_2
                0x00000222                __vector_21
                0x00000222                __vector_8
                0x00000222                __vector_14
                0x00000222                __vector_10
                0x00000222                __vector_16
                0x00000222                __vector_18
                0x00000222                __vector_20
                0x00000224                . = ALIGN (0x2)
 *(.text.*)
 .text._ZN9StackBaseI15StackSingleByteLi1ELi1E16DefaultSsHandlerE6odReadEhh.isra.2
                0x00000224       0x2a stacksinglebyte.o
 .text._ZN15StackSingleByte12restartTimerEv.isra.0.constprop.7
                0x0000024e        0xe stacksinglebyte.o
 .text._ZN6IoLink17calculateChecksumEhh
                0x0000025c       0x16 stacksinglebyte.o
                0x0000025c                _ZN6IoLink17calculateChecksumEhh
 .text._ZN15StackSingleByte25handleFirstOperatingModesEv
                0x00000272      0x128 stacksinglebyte.o
                0x00000272                _ZN15StackSingleByte25handleFirstOperatingModesEv
 .text.__vector_15
                0x0000039a       0xfc stacksinglebyte.o
                0x0000039a                __vector_15
 .text._ZN9StackBaseI15StackSingleByteLi1ELi1E16DefaultSsHandlerE18startCallbackTimerEh
                0x00000496       0x86 stacksinglebyte.o
                0x00000496                _ZN9StackBaseI15StackSingleByteLi1ELi1E16DefaultSsHandlerE18startCallbackTimerEh
 .text._ZN15StackSingleByte19handleOperatingModeILN6IoLink12DeviceDLModeE4EEEN9StackBaseIS_Li1ELi1E16DefaultSsHandlerE13HandlerResultEv
                0x0000051c      0x2b2 stacksinglebyte.o
                0x0000051c                _ZN15StackSingleByte19handleOperatingModeILN6IoLink12DeviceDLModeE4EEEN9StackBaseIS_Li1ELi1E16DefaultSsHandlerE13HandlerResultEv
 .text._ZN15StackSingleByte19handleOperatingModeILN6IoLink12DeviceDLModeE3EEEN9StackBaseIS_Li1ELi1E16DefaultSsHandlerE13HandlerResultEv
                0x000007ce      0x250 stacksinglebyte.o
                0x000007ce                _ZN15StackSingleByte19handleOperatingModeILN6IoLink12DeviceDLModeE3EEEN9StackBaseIS_Li1ELi1E16DefaultSsHandlerE13HandlerResultEv
 .text._ZN15StackSingleByte19handleOperatingModeILN6IoLink12DeviceDLModeE2EEEN9StackBaseIS_Li1ELi1E16DefaultSsHandlerE13HandlerResultEv
                0x00000a1e      0x254 stacksinglebyte.o
                0x00000a1e                _ZN15StackSingleByte19handleOperatingModeILN6IoLink12DeviceDLModeE2EEEN9StackBaseIS_Li1ELi1E16DefaultSsHandlerE13HandlerResultEv
 .text._ZN9StackBaseI15StackSingleByteLi1ELi1E16DefaultSsHandlerE12configurePhyEv
                0x00000c72       0x62 stacksinglebyte.o
                0x00000c72                _ZN9StackBaseI15StackSingleByteLi1ELi1E16DefaultSsHandlerE12configurePhyEv
 .text.__vector_4
                0x00000cd4      0x13a stacksinglebyte.o
                0x00000cd4                __vector_4
 .text.startup._GLOBAL__sub_I_directParameter
                0x00000e0e       0x38 stacksinglebyte.o
 .text._ZN7DemoApp9configureEv
                0x00000e46       0x16 demoapp.o
                0x00000e46                _ZN7DemoApp9configureEv
 .text._ZN7DemoApp20handleParameterWriteEPKN9StackBaseI15StackSingleByteLi1ELi1E16DefaultSsHandlerE9ParameterE
                0x00000e5c      0x100 demoapp.o
                0x00000e5c                _ZN7DemoApp20handleParameterWriteEPKN9StackBaseI15StackSingleByteLi1ELi1E16DefaultSsHandlerE9ParameterE
 .text._ZN7DemoApp11elapsed10msEv
                0x00000f5c       0x10 demoapp.o
                0x00000f5c                _ZN7DemoApp11elapsed10msEv
 .text._ZN7DemoApp22updateProcessInputDataEv
                0x00000f6c       0xcc demoapp.o
                0x00000f6c                _ZN7DemoApp22updateProcessInputDataEv
 .text._ZN7DemoApp3runEPKN9StackBaseI15StackSingleByteLi1ELi1E16DefaultSsHandlerE9ParameterE
                0x00001038       0x66 demoapp.o
                0x00001038                _ZN7DemoApp3runEPKN9StackBaseI15StackSingleByteLi1ELi1E16DefaultSsHandlerE9ParameterE
 .text.i2c_init
                0x0000109e       0x36 i2c_master.o
                0x0000109e                i2c_init
 .text.i2c_start
                0x000010d4       0x18 i2c_master.o
                0x000010d4                i2c_start
 .text.__vector_24
                0x000010ec       0xb0 main.o
                0x000010ec                __vector_24
 .text._ZN9StackBaseI15StackSingleByteLi1ELi1E16DefaultSsHandlerE9configureEv
                0x0000119c       0xce main.o
                0x0000119c                _ZN9StackBaseI15StackSingleByteLi1ELi1E16DefaultSsHandlerE9configureEv
 .text.startup.main
                0x0000126a       0x8c main.o
                0x0000126a                main
 .text.libgcc   0x000012f6        0xc c:/program files (x86)/atmel/studio/7.0/toolchain/avr8/avr8-gnu-toolchain/bin/../lib/gcc/avr/4.9.2/avr5\libgcc.a(_tablejump2.o)
                0x000012f6                __tablejump2__
 .text.avr-libc
                0x00001302       0x12 c:/program files (x86)/atmel/studio/7.0/toolchain/avr8/avr8-gnu-toolchain/bin/../lib/gcc/avr/4.9.2/../../../../avr/lib/avr5\libc.a(memcpy_P.o)
                0x00001302                memcpy_P
                0x00001314                . = ALIGN (0x2)
 *(.fini9)
 .fini9         0x00001314        0x0 c:/program files (x86)/atmel/studio/7.0/toolchain/avr8/avr8-gnu-toolchain/bin/../lib/gcc/avr/4.9.2/avr5\libgcc.a(_exit.o)
                0x00001314                _exit
                0x00001314                exit
 *(.fini9)
 *(.fini8)
 *(.fini8)
 *(.fini7)
 *(.fini7)
 *(.fini6)
 *(.fini6)
 *(.fini5)
 *(.fini5)
 *(.fini4)
 *(.fini4)
 *(.fini3)
 *(.fini3)
 *(.fini2)
 *(.fini2)
 *(.fini1)
 *(.fini1)
 *(.fini0)
 .fini0         0x00001314        0x4 c:/program files (x86)/atmel/studio/7.0/toolchain/avr8/avr8-gnu-toolchain/bin/../lib/gcc/avr/4.9.2/avr5\libgcc.a(_exit.o)
 *(.fini0)
                0x00001318                _etext = .

.data           0x00800100        0x2 load address 0x00001318
                0x00800100                PROVIDE (__data_start, .)
 *(.data)
 *(.data*)
 .data.i2cConversionDone
                0x00800100        0x1 main.o
                0x00800100                i2cConversionDone
 *(.rodata)
 *(.rodata*)
 *(.gnu.linkonce.d*)
                0x00800102                . = ALIGN (0x2)
 *fill*         0x00800101        0x1 
                0x00800102                _edata = .
                0x00800102                PROVIDE (__data_end, .)

.bss            0x00800102       0x4f
                0x00800102                PROVIDE (__bss_start, .)
 *(.bss)
 *(.bss*)
 .bss._ZZN9StackBaseI15StackSingleByteLi1ELi1E16DefaultSsHandlerE12setSioActiveEvE9wasDriven
                0x00800102        0x1 stacksinglebyte.o
                0x00800102                _ZZN9StackBaseI15StackSingleByteLi1ELi1E16DefaultSsHandlerE12setSioActiveEvE9wasDriven
 .bss._ZN15StackSingleByte8instanceE
                0x00800103       0x1d stacksinglebyte.o
                0x00800103                _ZN15StackSingleByte8instanceE
 .bss.eventPage
                0x00800120        0x8 stacksinglebyte.o
                0x00800120                eventPage
 .bss.directParameter
                0x00800128       0x20 stacksinglebyte.o
                0x00800128                directParameter
 .bss._ZN7DemoApp8instanceE
                0x00800148        0x4 demoapp.o
                0x00800148                _ZN7DemoApp8instanceE
 .bss._ZZ11__vector_24E11i2cDataTemp
                0x0080014c        0x2 main.o
 .bss._ZZ11__vector_24E10byteNumber
                0x0080014e        0x1 main.o
 .bss.i2cData   0x0080014f        0x2 main.o
                0x0080014f                i2cData
 *(COMMON)
                0x00800151                PROVIDE (__bss_end, .)
                0x00001318                __data_load_start = LOADADDR (.data)
                0x0000131a                __data_load_end = (__data_load_start + SIZEOF (.data))

.noinit         0x00800151        0x0
                0x00800151                PROVIDE (__noinit_start, .)
 *(.noinit*)
                0x00800151                PROVIDE (__noinit_end, .)
                0x00800151                _end = .
                0x00800151                PROVIDE (__heap_start, .)

.eeprom         0x00810000        0x0
 *(.eeprom*)
                0x00810000                __eeprom_end = .

.fuse           0x00820000        0x3
 *(.fuse)
 .fuse          0x00820000        0x3 main.o
                0x00820000                __fuse
 *(.lfuse)
 *(.hfuse)
 *(.efuse)

.lock
 *(.lock*)

.signature      0x00840000        0x3
 *(.signature*)
 .signature     0x00840000        0x3 main.o

.user_signatures
 *(.user_signatures*)

.stab
 *(.stab)

.stabstr
 *(.stabstr)

.stab.excl
 *(.stab.excl)

.stab.exclstr
 *(.stab.exclstr)

.stab.index
 *(.stab.index)

.stab.indexstr
 *(.stab.indexstr)

.comment        0x00000000       0x30
 *(.comment)
 .comment       0x00000000       0x30 stacksinglebyte.o
                                 0x31 (size before relaxing)
 .comment       0x00000030       0x31 demoapp.o
 .comment       0x00000030       0x31 i2c_master.o
 .comment       0x00000030       0x31 main.o

.note.gnu.avr.deviceinfo
                0x00000000       0x40
 .note.gnu.avr.deviceinfo
                0x00000000       0x40 C:/Program Files (x86)/Atmel/Studio/7.0/Packs/atmel/ATmega_DFP/1.0.98/gcc/dev/atmega328p/avr5/crtatmega328p.o

.note.gnu.build-id
 *(.note.gnu.build-id)

.debug
 *(.debug)

.line
 *(.line)

.debug_srcinfo
 *(.debug_srcinfo)

.debug_sfnames
 *(.debug_sfnames)

.debug_aranges  0x00000000       0xf8
 *(.debug_aranges)
 .debug_aranges
                0x00000000       0x80 stacksinglebyte.o
 .debug_aranges
                0x00000080       0x48 demoapp.o
 .debug_aranges
                0x000000c8       0x30 main.o

.debug_pubnames
 *(.debug_pubnames)

.debug_info     0x00000000     0x8045
 *(.debug_info .gnu.linkonce.wi.*)
 .debug_info    0x00000000     0x514d stacksinglebyte.o
 .debug_info    0x0000514d     0x1854 demoapp.o
 .debug_info    0x000069a1     0x16a4 main.o

.debug_abbrev   0x00000000     0x13c2
 *(.debug_abbrev)
 .debug_abbrev  0x00000000      0x712 stacksinglebyte.o
 .debug_abbrev  0x00000712      0x61e demoapp.o
 .debug_abbrev  0x00000d30      0x692 main.o

.debug_line     0x00000000      0xedc
 *(.debug_line .debug_line.* .debug_line_end)
 .debug_line    0x00000000      0x983 stacksinglebyte.o
 .debug_line    0x00000983      0x206 demoapp.o
 .debug_line    0x00000b89      0x353 main.o

.debug_frame    0x00000000      0x28c
 *(.debug_frame)
 .debug_frame   0x00000000      0x18c stacksinglebyte.o
 .debug_frame   0x0000018c       0x8c demoapp.o
 .debug_frame   0x00000218       0x74 main.o

.debug_str      0x00000000     0x2b8c
 *(.debug_str)
 .debug_str     0x00000000     0x2617 stacksinglebyte.o
                               0x26e0 (size before relaxing)
 .debug_str     0x00002617      0x34d demoapp.o
                               0x21f1 (size before relaxing)
 .debug_str     0x00002964      0x228 main.o
                               0x2154 (size before relaxing)

.debug_loc      0x00000000     0x1f96
 *(.debug_loc)
 .debug_loc     0x00000000     0x19ac stacksinglebyte.o
 .debug_loc     0x000019ac      0x3a2 demoapp.o
 .debug_loc     0x00001d4e      0x248 main.o

.debug_macinfo
 *(.debug_macinfo)

.debug_weaknames
 *(.debug_weaknames)

.debug_funcnames
 *(.debug_funcnames)

.debug_typenames
 *(.debug_typenames)

.debug_varnames
 *(.debug_varnames)

.debug_pubtypes
 *(.debug_pubtypes)

.debug_ranges   0x00000000      0x1a0
 *(.debug_ranges)
 .debug_ranges  0x00000000      0x130 stacksinglebyte.o
 .debug_ranges  0x00000130       0x38 demoapp.o
 .debug_ranges  0x00000168       0x38 main.o

.debug_macro
 *(.debug_macro)
OUTPUT(ministack.elf elf32-avr)
LOAD linker stubs
